BrowserifyBundle {
  "entryId": "2",
  "modules": Map {
    "1" => BrowserifyModule {
      "ast": module.exports = 1;
(function (e) {
  var a = {};
  function n(t) {
    if (a[t]) {
      return a[t].exports;
    }
    var r = a[t] = {
      i: t,
      l: false,
      exports: {}
    };
    e[t].call(r.exports, r, r.exports, n);
    r.l = true;
    return r.exports;
  }
  n.m = e;
  n.c = a;
  n.d = function (e, t, i) {
    if (!n.o(e, t)) {
      Object.defineProperty(e, t, {
        enumerable: true,
        get: i
      });
    }
  };
  n.r = function (e) {
    if (typeof Symbol != "undefined" && Symbol.toStringTag) {
      Object.defineProperty(e, Symbol.toStringTag, {
        value: "Module"
      });
    }
    Object.defineProperty(e, "__esModule", {
      value: true
    });
  };
  n.t = function (e, t) {
    if (t & 1) {
      e = n(e);
    }
    if (t & 8) {
      return e;
    }
    if (t & 4 && typeof e == "object" && e && e.__esModule) {
      return e;
    }
    var i = Object.create(null);
    n.r(i);
    Object.defineProperty(i, "default", {
      enumerable: true,
      value: e
    });
    if (t & 2 && typeof e != "string") {
      for (var a in e) {
        n.d(i, a, function (t) {
          return e[t];
        }.bind(null, a));
      }
    }
    return i;
  };
  n.n = function (e) {
    var t = e && e.__esModule ? function () {
      return e.default;
    } : function () {
      return e;
    };
    n.d(t, "a", t);
    return t;
  };
  n.o = function (e, t) {
    return Object.prototype.hasOwnProperty.call(e, t);
  };
  n.p = "";
  n(n.s = 2);
})([, function (e, t, i) {
  const a = i(3);
}, function (e, t, i) {
  const a = i(1);
  const module = 1;
  e.exports.color = "#FBC02D";
  {
    const module = 2;
    console.log(module);
    console.log(e);
  }
  t.a = 3;
}, function (e, t, i) {
  e.exports = 4;
}]);,
      "dependencies": {},
      "id": "1",
      "isEntry": false,
      "path": "lib.js",
    },
    "2" => BrowserifyModule {
      "ast": const vscode = require("vscode");
const lib = require("./lib");
console.log(lib);,
      "dependencies": {
        "1": "./lib",
      },
      "id": "2",
      "isEntry": true,
      "path": "index.js",
    },
  },
  "type": "browserify",
}