WebpackBundle {
  "entryId": "2",
  "modules": Map {
    "2" => WebpackModule {
      "ast": const lib = require("./3.js");
console.log(lib);,
      "id": "2",
      "isEntry": true,
      "path": "./index.js",
    },
    "3" => WebpackModule {
      "ast": import * as a from "./4.js";
const obj = {
  version: "2.0.0"
};
export let version = obj.version;
export default a.foo;,
      "id": "3",
      "isEntry": false,
      "path": "./3.js",
    },
    "4" => WebpackModule {
      "ast": export const foo = 2;
export var obj = {
  Console: bar
};
function bar() {},
      "id": "4",
      "isEntry": false,
      "path": "./4.js",
    },
  },
  "type": "webpack",
}