WebpackBundle {
  "entryId": "",
  "modules": Map {
    "0" => WebpackModule {
      "ast": ,
      "id": "0",
      "isEntry": false,
      "path": "./0.js",
    },
  },
  "type": "webpack",
}