WebpackBundle {
  "entryId": "",
  "modules": Map {
    "2wwy" => WebpackModule {
      "ast": const a = require("./E8gZ.js");
const b = require(/*webcrack:missing*/"./w6GO.js");,
      "id": "2wwy",
      "isEntry": false,
      "path": "./2wwy.js",
    },
    "E8gZ" => WebpackModule {
      "ast": module.exports = 4;,
      "id": "E8gZ",
      "isEntry": false,
      "path": "./E8gZ.js",
    },
  },
  "type": "webpack",
}