function hi() {
  console.log(/*webcrack:decode_error*/undefined);
}
hi();